// Jest Snapshot v1, https://goo.gl/fbAQLP

exports[`MonstersList Component should match with the snapshot 1`] = `
<div>
  <h3 class="title-select-monster">
    No monsters available
  </h3>
  <div class="list-monsters"></div>
</div>
`;
