// Jest Snapshot v1, https://goo.gl/fbAQLP

exports[`WinnerDisplay Component should match with the snapshot 1`] = `
<div class="winner-box">
  <p class="message-winner"> wins!</p>
</div>
`;
